// Jest Snapshot v1, https://goo.gl/fbAQLP

exports[`<Panel /> should render correctly 1`] = `
<section
  className="chat-menu-panel "
  onMouseLeave={[Function]}
>
  <div
    className="brand-container"
  >
    Gitter Clone
  </div>
  <header
    className="panel-header"
  >
    <div
      className="panel-header-convos"
    >
      <h2>
        
      </h2>
    </div>
  </header>
</section>
`;
