// Jest Snapshot v1, https://goo.gl/fbAQLP

exports[`<ChatContent /> should render correctly 1`] = `
<section
  className="chat-content scroller"
  id="chat-content"
>
  <Component
    User={
      Object {
        "name": "liz",
      }
    }
    burstStart={true}
    createdAt="2017-01-31T23:22:38.808Z"
    id="58911c3e871fdf24f2079782"
    rawMarkup="<p>sweet</p>"
    text="sweet"
  />
  <Component
    User={
      Object {
        "name": "dan",
      }
    }
    burstStart={true}
    createdAt="2017-02-01T05:34:40.591Z"
    id="58917370eb323841b839f583"
    rawMarkup="<p>cool</p>"
    text="cool"
  />
  <Component
    User={
      Object {
        "name": "dan",
      }
    }
    burstStart={false}
    createdAt="2017-02-01T05:34:52.011Z"
    id="5891737ceb323841b839f584"
    rawMarkup="<p>damn it</p>"
    text="damn it"
  />
</section>
`;
